Archive member included to satisfy reference by file (symbol)

c:/program files (x86)/atmel/studio/7.0/toolchain/avr8/avr8-gnu-toolchain/bin/../lib/gcc/avr/5.4.0/avr5\libgcc.a(_exit.o)
                              C:/Program Files (x86)/Atmel/Studio/7.0/Packs/atmel/ATmega_DFP/1.0.106/gcc/dev/atmega328p/avr5/crtatmega328p.o (exit)
c:/program files (x86)/atmel/studio/7.0/toolchain/avr8/avr8-gnu-toolchain/bin/../lib/gcc/avr/5.4.0/avr5\libgcc.a(_clear_bss.o)
                              src/scheduler.o (__do_clear_bss)

Allocating common symbols
Common symbol       size              file

_sched_minutes      0x1               src/scheduler.o
_sched_tasks        0x1e              src/scheduler.o
_sched_seconds      0x1               src/scheduler.o
_sched_hours        0x1               src/scheduler.o

Discarded input sections

 .data          0x00000000        0x0 C:/Program Files (x86)/Atmel/Studio/7.0/Packs/atmel/ATmega_DFP/1.0.106/gcc/dev/atmega328p/avr5/crtatmega328p.o
 .bss           0x00000000        0x0 C:/Program Files (x86)/Atmel/Studio/7.0/Packs/atmel/ATmega_DFP/1.0.106/gcc/dev/atmega328p/avr5/crtatmega328p.o
 .group         0x00000000        0x8 src/scheduler.o
 .group         0x00000000        0x8 src/scheduler.o
 .group         0x00000000        0x8 src/scheduler.o
 .group         0x00000000        0x8 src/scheduler.o
 .group         0x00000000        0x8 src/scheduler.o
 .group         0x00000000        0x8 src/scheduler.o
 .group         0x00000000        0x8 src/scheduler.o
 .group         0x00000000        0x8 src/scheduler.o
 .group         0x00000000        0x8 src/scheduler.o
 .group         0x00000000        0x8 src/scheduler.o
 .group         0x00000000        0x8 src/scheduler.o
 .group         0x00000000        0x8 src/scheduler.o
 .group         0x00000000        0x8 src/scheduler.o
 .group         0x00000000        0x8 src/scheduler.o
 .text          0x00000000        0x0 src/scheduler.o
 .data          0x00000000        0x0 src/scheduler.o
 .bss           0x00000000        0x0 src/scheduler.o
 .text.scheduler_init
                0x00000000       0x50 src/scheduler.o
 .text.task_add
                0x00000000       0x72 src/scheduler.o
 .bss.task_order
                0x00000000        0x2 src/scheduler.o
 .group         0x00000000        0x8 src/ASF/mega/boards/atmega328p_xplained_mini/init.o
 .group         0x00000000        0x8 src/ASF/mega/boards/atmega328p_xplained_mini/init.o
 .group         0x00000000        0x8 src/ASF/mega/boards/atmega328p_xplained_mini/init.o
 .group         0x00000000        0x8 src/ASF/mega/boards/atmega328p_xplained_mini/init.o
 .group         0x00000000        0x8 src/ASF/mega/boards/atmega328p_xplained_mini/init.o
 .group         0x00000000        0x8 src/ASF/mega/boards/atmega328p_xplained_mini/init.o
 .group         0x00000000        0x8 src/ASF/mega/boards/atmega328p_xplained_mini/init.o
 .group         0x00000000        0x8 src/ASF/mega/boards/atmega328p_xplained_mini/init.o
 .group         0x00000000        0x8 src/ASF/mega/boards/atmega328p_xplained_mini/init.o
 .group         0x00000000        0x8 src/ASF/mega/boards/atmega328p_xplained_mini/init.o
 .group         0x00000000        0x8 src/ASF/mega/boards/atmega328p_xplained_mini/init.o
 .group         0x00000000        0x8 src/ASF/mega/boards/atmega328p_xplained_mini/init.o
 .group         0x00000000        0x8 src/ASF/mega/boards/atmega328p_xplained_mini/init.o
 .group         0x00000000        0x8 src/ASF/mega/boards/atmega328p_xplained_mini/init.o
 .group         0x00000000        0x8 src/ASF/mega/boards/atmega328p_xplained_mini/init.o
 .group         0x00000000        0x8 src/ASF/mega/boards/atmega328p_xplained_mini/init.o
 .group         0x00000000        0x8 src/ASF/mega/boards/atmega328p_xplained_mini/init.o
 .group         0x00000000        0x8 src/ASF/mega/boards/atmega328p_xplained_mini/init.o
 .group         0x00000000        0x8 src/ASF/mega/boards/atmega328p_xplained_mini/init.o
 .group         0x00000000        0x8 src/ASF/mega/boards/atmega328p_xplained_mini/init.o
 .group         0x00000000        0x8 src/ASF/mega/boards/atmega328p_xplained_mini/init.o
 .group         0x00000000        0x8 src/ASF/mega/boards/atmega328p_xplained_mini/init.o
 .group         0x00000000        0x8 src/ASF/mega/boards/atmega328p_xplained_mini/init.o
 .group         0x00000000        0x8 src/ASF/mega/boards/atmega328p_xplained_mini/init.o
 .group         0x00000000        0x8 src/ASF/mega/boards/atmega328p_xplained_mini/init.o
 .group         0x00000000        0x8 src/ASF/mega/boards/atmega328p_xplained_mini/init.o
 .group         0x00000000        0x8 src/ASF/mega/boards/atmega328p_xplained_mini/init.o
 .group         0x00000000        0x8 src/ASF/mega/boards/atmega328p_xplained_mini/init.o
 .group         0x00000000        0x8 src/ASF/mega/boards/atmega328p_xplained_mini/init.o
 .text          0x00000000        0x0 src/ASF/mega/boards/atmega328p_xplained_mini/init.o
 .data          0x00000000        0x0 src/ASF/mega/boards/atmega328p_xplained_mini/init.o
 .bss           0x00000000        0x0 src/ASF/mega/boards/atmega328p_xplained_mini/init.o
 .debug_macro   0x00000000      0xa4e src/ASF/mega/boards/atmega328p_xplained_mini/init.o
 .debug_macro   0x00000000       0x10 src/ASF/mega/boards/atmega328p_xplained_mini/init.o
 .debug_macro   0x00000000      0x1c9 src/ASF/mega/boards/atmega328p_xplained_mini/init.o
 .debug_macro   0x00000000      0x2fc src/ASF/mega/boards/atmega328p_xplained_mini/init.o
 .debug_macro   0x00000000       0x9e src/ASF/mega/boards/atmega328p_xplained_mini/init.o
 .debug_macro   0x00000000     0x1410 src/ASF/mega/boards/atmega328p_xplained_mini/init.o
 .debug_macro   0x00000000      0x13a src/ASF/mega/boards/atmega328p_xplained_mini/init.o
 .debug_macro   0x00000000       0xbd src/ASF/mega/boards/atmega328p_xplained_mini/init.o
 .debug_macro   0x00000000       0x34 src/ASF/mega/boards/atmega328p_xplained_mini/init.o
 .debug_macro   0x00000000       0x18 src/ASF/mega/boards/atmega328p_xplained_mini/init.o
 .debug_macro   0x00000000       0x6c src/ASF/mega/boards/atmega328p_xplained_mini/init.o
 .debug_macro   0x00000000      0x16d src/ASF/mega/boards/atmega328p_xplained_mini/init.o
 .debug_macro   0x00000000       0x69 src/ASF/mega/boards/atmega328p_xplained_mini/init.o
 .group         0x00000000        0x8 src/main.o
 .group         0x00000000        0x8 src/main.o
 .group         0x00000000        0x8 src/main.o
 .group         0x00000000        0x8 src/main.o
 .group         0x00000000        0x8 src/main.o
 .group         0x00000000        0x8 src/main.o
 .group         0x00000000        0x8 src/main.o
 .group         0x00000000        0x8 src/main.o
 .group         0x00000000        0x8 src/main.o
 .group         0x00000000        0x8 src/main.o
 .group         0x00000000        0x8 src/main.o
 .group         0x00000000        0x8 src/main.o
 .group         0x00000000        0x8 src/main.o
 .group         0x00000000        0x8 src/main.o
 .group         0x00000000        0x8 src/main.o
 .group         0x00000000        0x8 src/main.o
 .group         0x00000000        0x8 src/main.o
 .group         0x00000000        0x8 src/main.o
 .group         0x00000000        0x8 src/main.o
 .group         0x00000000        0x8 src/main.o
 .group         0x00000000        0x8 src/main.o
 .group         0x00000000        0x8 src/main.o
 .group         0x00000000        0x8 src/main.o
 .group         0x00000000        0x8 src/main.o
 .group         0x00000000        0x8 src/main.o
 .group         0x00000000        0x8 src/main.o
 .group         0x00000000        0x8 src/main.o
 .group         0x00000000        0x8 src/main.o
 .group         0x00000000        0x8 src/main.o
 .group         0x00000000        0x8 src/main.o
 .text          0x00000000        0x0 src/main.o
 .data          0x00000000        0x0 src/main.o
 .bss           0x00000000        0x0 src/main.o
 .debug_macro   0x00000000      0xa4e src/main.o
 .debug_macro   0x00000000      0x644 src/main.o
 .debug_macro   0x00000000       0x10 src/main.o
 .debug_macro   0x00000000      0x1c9 src/main.o
 .debug_macro   0x00000000      0x2fc src/main.o
 .debug_macro   0x00000000       0x9e src/main.o
 .debug_macro   0x00000000     0x1410 src/main.o
 .debug_macro   0x00000000      0x13a src/main.o
 .debug_macro   0x00000000       0xbd src/main.o
 .debug_macro   0x00000000       0x34 src/main.o
 .debug_macro   0x00000000       0x18 src/main.o
 .debug_macro   0x00000000       0x6c src/main.o
 .debug_macro   0x00000000       0x22 src/main.o
 .debug_macro   0x00000000      0x16d src/main.o
 .debug_macro   0x00000000       0x1c src/main.o
 .debug_macro   0x00000000       0x35 src/main.o
 .debug_macro   0x00000000       0x66 src/main.o
 .debug_macro   0x00000000       0x44 src/main.o
 .debug_macro   0x00000000       0x69 src/main.o
 .debug_macro   0x00000000       0x2c src/main.o
 .debug_macro   0x00000000       0x10 src/main.o
 .debug_macro   0x00000000       0xe2 src/main.o
 .debug_macro   0x00000000       0x40 src/main.o
 .debug_macro   0x00000000      0x100 src/main.o
 .debug_macro   0x00000000       0x56 src/main.o
 .debug_macro   0x00000000       0x40 src/main.o
 .debug_macro   0x00000000       0x58 src/main.o
 .debug_macro   0x00000000       0x16 src/main.o
 .text          0x00000000        0x0 c:/program files (x86)/atmel/studio/7.0/toolchain/avr8/avr8-gnu-toolchain/bin/../lib/gcc/avr/5.4.0/avr5\libgcc.a(_exit.o)
 .data          0x00000000        0x0 c:/program files (x86)/atmel/studio/7.0/toolchain/avr8/avr8-gnu-toolchain/bin/../lib/gcc/avr/5.4.0/avr5\libgcc.a(_exit.o)
 .bss           0x00000000        0x0 c:/program files (x86)/atmel/studio/7.0/toolchain/avr8/avr8-gnu-toolchain/bin/../lib/gcc/avr/5.4.0/avr5\libgcc.a(_exit.o)
 .text.libgcc.mul
                0x00000000        0x0 c:/program files (x86)/atmel/studio/7.0/toolchain/avr8/avr8-gnu-toolchain/bin/../lib/gcc/avr/5.4.0/avr5\libgcc.a(_exit.o)
 .text.libgcc.div
                0x00000000        0x0 c:/program files (x86)/atmel/studio/7.0/toolchain/avr8/avr8-gnu-toolchain/bin/../lib/gcc/avr/5.4.0/avr5\libgcc.a(_exit.o)
 .text.libgcc   0x00000000        0x0 c:/program files (x86)/atmel/studio/7.0/toolchain/avr8/avr8-gnu-toolchain/bin/../lib/gcc/avr/5.4.0/avr5\libgcc.a(_exit.o)
 .text.libgcc.prologue
                0x00000000        0x0 c:/program files (x86)/atmel/studio/7.0/toolchain/avr8/avr8-gnu-toolchain/bin/../lib/gcc/avr/5.4.0/avr5\libgcc.a(_exit.o)
 .text.libgcc.builtins
                0x00000000        0x0 c:/program files (x86)/atmel/studio/7.0/toolchain/avr8/avr8-gnu-toolchain/bin/../lib/gcc/avr/5.4.0/avr5\libgcc.a(_exit.o)
 .text.libgcc.fmul
                0x00000000        0x0 c:/program files (x86)/atmel/studio/7.0/toolchain/avr8/avr8-gnu-toolchain/bin/../lib/gcc/avr/5.4.0/avr5\libgcc.a(_exit.o)
 .text.libgcc.fixed
                0x00000000        0x0 c:/program files (x86)/atmel/studio/7.0/toolchain/avr8/avr8-gnu-toolchain/bin/../lib/gcc/avr/5.4.0/avr5\libgcc.a(_exit.o)
 .text          0x00000000        0x0 c:/program files (x86)/atmel/studio/7.0/toolchain/avr8/avr8-gnu-toolchain/bin/../lib/gcc/avr/5.4.0/avr5\libgcc.a(_clear_bss.o)
 .data          0x00000000        0x0 c:/program files (x86)/atmel/studio/7.0/toolchain/avr8/avr8-gnu-toolchain/bin/../lib/gcc/avr/5.4.0/avr5\libgcc.a(_clear_bss.o)
 .bss           0x00000000        0x0 c:/program files (x86)/atmel/studio/7.0/toolchain/avr8/avr8-gnu-toolchain/bin/../lib/gcc/avr/5.4.0/avr5\libgcc.a(_clear_bss.o)
 .text.libgcc.mul
                0x00000000        0x0 c:/program files (x86)/atmel/studio/7.0/toolchain/avr8/avr8-gnu-toolchain/bin/../lib/gcc/avr/5.4.0/avr5\libgcc.a(_clear_bss.o)
 .text.libgcc.div
                0x00000000        0x0 c:/program files (x86)/atmel/studio/7.0/toolchain/avr8/avr8-gnu-toolchain/bin/../lib/gcc/avr/5.4.0/avr5\libgcc.a(_clear_bss.o)
 .text.libgcc   0x00000000        0x0 c:/program files (x86)/atmel/studio/7.0/toolchain/avr8/avr8-gnu-toolchain/bin/../lib/gcc/avr/5.4.0/avr5\libgcc.a(_clear_bss.o)
 .text.libgcc.prologue
                0x00000000        0x0 c:/program files (x86)/atmel/studio/7.0/toolchain/avr8/avr8-gnu-toolchain/bin/../lib/gcc/avr/5.4.0/avr5\libgcc.a(_clear_bss.o)
 .text.libgcc.builtins
                0x00000000        0x0 c:/program files (x86)/atmel/studio/7.0/toolchain/avr8/avr8-gnu-toolchain/bin/../lib/gcc/avr/5.4.0/avr5\libgcc.a(_clear_bss.o)
 .text.libgcc.fmul
                0x00000000        0x0 c:/program files (x86)/atmel/studio/7.0/toolchain/avr8/avr8-gnu-toolchain/bin/../lib/gcc/avr/5.4.0/avr5\libgcc.a(_clear_bss.o)
 .text.libgcc.fixed
                0x00000000        0x0 c:/program files (x86)/atmel/studio/7.0/toolchain/avr8/avr8-gnu-toolchain/bin/../lib/gcc/avr/5.4.0/avr5\libgcc.a(_clear_bss.o)

Memory Configuration

Name             Origin             Length             Attributes
text             0x00000000         0x00020000         xr
data             0x00800060         0x0000ffa0         rw !x
eeprom           0x00810000         0x00010000         rw !x
fuse             0x00820000         0x00000400         rw !x
lock             0x00830000         0x00000400         rw !x
signature        0x00840000         0x00000400         rw !x
user_signatures  0x00850000         0x00000400         rw !x
*default*        0x00000000         0xffffffff

Linker script and memory map

Address of section .data set to 0x800100
LOAD C:/Program Files (x86)/Atmel/Studio/7.0/Packs/atmel/ATmega_DFP/1.0.106/gcc/dev/atmega328p/avr5/crtatmega328p.o
LOAD src/scheduler.o
LOAD src/ASF/mega/boards/atmega328p_xplained_mini/init.o
LOAD src/main.o
START GROUP
LOAD c:/program files (x86)/atmel/studio/7.0/toolchain/avr8/avr8-gnu-toolchain/bin/../lib/gcc/avr/5.4.0/../../../../avr/lib/avr5\libm.a
END GROUP
START GROUP
LOAD c:/program files (x86)/atmel/studio/7.0/toolchain/avr8/avr8-gnu-toolchain/bin/../lib/gcc/avr/5.4.0/avr5\libgcc.a
LOAD c:/program files (x86)/atmel/studio/7.0/toolchain/avr8/avr8-gnu-toolchain/bin/../lib/gcc/avr/5.4.0/../../../../avr/lib/avr5\libm.a
LOAD c:/program files (x86)/atmel/studio/7.0/toolchain/avr8/avr8-gnu-toolchain/bin/../lib/gcc/avr/5.4.0/../../../../avr/lib/avr5\libc.a
LOAD C:/Program Files (x86)/Atmel/Studio/7.0/Packs/atmel/ATmega_DFP/1.0.106/gcc/dev/atmega328p/avr5\libatmega328p.a
END GROUP
                0x00020000                __TEXT_REGION_LENGTH__ = DEFINED (__TEXT_REGION_LENGTH__)?__TEXT_REGION_LENGTH__:0x20000
                0x0000ffa0                __DATA_REGION_LENGTH__ = DEFINED (__DATA_REGION_LENGTH__)?__DATA_REGION_LENGTH__:0xffa0
                0x00010000                __EEPROM_REGION_LENGTH__ = DEFINED (__EEPROM_REGION_LENGTH__)?__EEPROM_REGION_LENGTH__:0x10000
                0x00000400                __FUSE_REGION_LENGTH__ = DEFINED (__FUSE_REGION_LENGTH__)?__FUSE_REGION_LENGTH__:0x400
                0x00000400                __LOCK_REGION_LENGTH__ = DEFINED (__LOCK_REGION_LENGTH__)?__LOCK_REGION_LENGTH__:0x400
                0x00000400                __SIGNATURE_REGION_LENGTH__ = DEFINED (__SIGNATURE_REGION_LENGTH__)?__SIGNATURE_REGION_LENGTH__:0x400
                0x00000400                __USER_SIGNATURE_REGION_LENGTH__ = DEFINED (__USER_SIGNATURE_REGION_LENGTH__)?__USER_SIGNATURE_REGION_LENGTH__:0x400

.hash
 *(.hash)

.dynsym
 *(.dynsym)

.dynstr
 *(.dynstr)

.gnu.version
 *(.gnu.version)

.gnu.version_d
 *(.gnu.version_d)

.gnu.version_r
 *(.gnu.version_r)

.rel.init
 *(.rel.init)

.rela.init
 *(.rela.init)

.rel.text
 *(.rel.text)
 *(.rel.text.*)
 *(.rel.gnu.linkonce.t*)

.rela.text
 *(.rela.text)
 *(.rela.text.*)
 *(.rela.gnu.linkonce.t*)

.rel.fini
 *(.rel.fini)

.rela.fini
 *(.rela.fini)

.rel.rodata
 *(.rel.rodata)
 *(.rel.rodata.*)
 *(.rel.gnu.linkonce.r*)

.rela.rodata
 *(.rela.rodata)
 *(.rela.rodata.*)
 *(.rela.gnu.linkonce.r*)

.rel.data
 *(.rel.data)
 *(.rel.data.*)
 *(.rel.gnu.linkonce.d*)

.rela.data
 *(.rela.data)
 *(.rela.data.*)
 *(.rela.gnu.linkonce.d*)

.rel.ctors
 *(.rel.ctors)

.rela.ctors
 *(.rela.ctors)

.rel.dtors
 *(.rel.dtors)

.rela.dtors
 *(.rela.dtors)

.rel.got
 *(.rel.got)

.rela.got
 *(.rela.got)

.rel.bss
 *(.rel.bss)

.rela.bss
 *(.rela.bss)

.rel.plt
 *(.rel.plt)

.rela.plt
 *(.rela.plt)

.text           0x00000000      0x1b8
 *(.vectors)
 .vectors       0x00000000       0x68 C:/Program Files (x86)/Atmel/Studio/7.0/Packs/atmel/ATmega_DFP/1.0.106/gcc/dev/atmega328p/avr5/crtatmega328p.o
                0x00000000                __vector_default
                0x00000000                __vectors
 *(.vectors)
 *(.progmem.gcc*)
                0x00000068                . = ALIGN (0x2)
                0x00000068                __trampolines_start = .
 *(.trampolines)
 .trampolines   0x00000068        0x0 linker stubs
 *(.trampolines*)
                0x00000068                __trampolines_end = .
 *libprintf_flt.a:*(.progmem.data)
 *libc.a:*(.progmem.data)
 *(.progmem*)
                0x00000068                . = ALIGN (0x2)
 *(.jumptables)
 *(.jumptables*)
 *(.lowtext)
 *(.lowtext*)
                0x00000068                __ctors_start = .
 *(.ctors)
                0x00000068                __ctors_end = .
                0x00000068                __dtors_start = .
 *(.dtors)
                0x00000068                __dtors_end = .
 SORT(*)(.ctors)
 SORT(*)(.dtors)
 *(.init0)
 .init0         0x00000068        0x0 C:/Program Files (x86)/Atmel/Studio/7.0/Packs/atmel/ATmega_DFP/1.0.106/gcc/dev/atmega328p/avr5/crtatmega328p.o
                0x00000068                __init
 *(.init0)
 *(.init1)
 *(.init1)
 *(.init2)
 .init2         0x00000068        0xc C:/Program Files (x86)/Atmel/Studio/7.0/Packs/atmel/ATmega_DFP/1.0.106/gcc/dev/atmega328p/avr5/crtatmega328p.o
 *(.init2)
 *(.init3)
 *(.init3)
 *(.init4)
 .init4         0x00000074       0x10 c:/program files (x86)/atmel/studio/7.0/toolchain/avr8/avr8-gnu-toolchain/bin/../lib/gcc/avr/5.4.0/avr5\libgcc.a(_clear_bss.o)
                0x00000074                __do_clear_bss
 *(.init4)
 *(.init5)
 *(.init5)
 *(.init6)
 *(.init6)
 *(.init7)
 *(.init7)
 *(.init8)
 *(.init8)
 *(.init9)
 .init9         0x00000084        0x4 C:/Program Files (x86)/Atmel/Studio/7.0/Packs/atmel/ATmega_DFP/1.0.106/gcc/dev/atmega328p/avr5/crtatmega328p.o
 *(.init9)
 *(.text)
 .text          0x00000088        0x2 C:/Program Files (x86)/Atmel/Studio/7.0/Packs/atmel/ATmega_DFP/1.0.106/gcc/dev/atmega328p/avr5/crtatmega328p.o
                0x00000088                __vector_22
                0x00000088                __vector_1
                0x00000088                __vector_24
                0x00000088                __vector_12
                0x00000088                __bad_interrupt
                0x00000088                __vector_6
                0x00000088                __vector_3
                0x00000088                __vector_23
                0x00000088                __vector_25
                0x00000088                __vector_13
                0x00000088                __vector_17
                0x00000088                __vector_19
                0x00000088                __vector_7
                0x00000088                __vector_5
                0x00000088                __vector_4
                0x00000088                __vector_9
                0x00000088                __vector_2
                0x00000088                __vector_21
                0x00000088                __vector_15
                0x00000088                __vector_8
                0x00000088                __vector_14
                0x00000088                __vector_10
                0x00000088                __vector_16
                0x00000088                __vector_18
                0x00000088                __vector_20
                0x0000008a                . = ALIGN (0x2)
 *(.text.*)
 .text.__vector_11
                0x0000008a      0x110 src/scheduler.o
                0x0000008a                __vector_11
 .text.board_init
                0x0000019a       0x12 src/ASF/mega/boards/atmega328p_xplained_mini/init.o
                0x0000019a                board_init
 .text.main     0x000001ac        0x8 src/main.o
                0x000001ac                main
                0x000001b4                . = ALIGN (0x2)
 *(.fini9)
 .fini9         0x000001b4        0x0 c:/program files (x86)/atmel/studio/7.0/toolchain/avr8/avr8-gnu-toolchain/bin/../lib/gcc/avr/5.4.0/avr5\libgcc.a(_exit.o)
                0x000001b4                _exit
                0x000001b4                exit
 *(.fini9)
 *(.fini8)
 *(.fini8)
 *(.fini7)
 *(.fini7)
 *(.fini6)
 *(.fini6)
 *(.fini5)
 *(.fini5)
 *(.fini4)
 *(.fini4)
 *(.fini3)
 *(.fini3)
 *(.fini2)
 *(.fini2)
 *(.fini1)
 *(.fini1)
 *(.fini0)
 .fini0         0x000001b4        0x4 c:/program files (x86)/atmel/studio/7.0/toolchain/avr8/avr8-gnu-toolchain/bin/../lib/gcc/avr/5.4.0/avr5\libgcc.a(_exit.o)
 *(.fini0)
                0x000001b8                _etext = .

.data           0x00800100        0x0 load address 0x000001b8
                [!provide]                PROVIDE (__data_start, .)
 *(.data)
 *(.data*)
 *(.gnu.linkonce.d*)
 *(.rodata)
 *(.rodata*)
 *(.gnu.linkonce.r*)
                0x00800100                . = ALIGN (0x2)
                0x00800100                _edata = .
                [!provide]                PROVIDE (__data_end, .)

.bss            0x00800100       0x21
                0x00800100                PROVIDE (__bss_start, .)
 *(.bss)
 *(.bss*)
 *(COMMON)
 COMMON         0x00800100       0x21 src/scheduler.o
                0x00800100                _sched_minutes
                0x00800101                _sched_tasks
                0x0080011f                _sched_seconds
                0x00800120                _sched_hours
                0x00800121                PROVIDE (__bss_end, .)
                0x000001b8                __data_load_start = LOADADDR (.data)
                0x000001b8                __data_load_end = (__data_load_start + SIZEOF (.data))

.noinit         0x00800121        0x0
                [!provide]                PROVIDE (__noinit_start, .)
 *(.noinit*)
                [!provide]                PROVIDE (__noinit_end, .)
                0x00800121                _end = .
                [!provide]                PROVIDE (__heap_start, .)

.eeprom         0x00810000        0x0
 *(.eeprom*)
                0x00810000                __eeprom_end = .

.fuse
 *(.fuse)
 *(.lfuse)
 *(.hfuse)
 *(.efuse)

.lock
 *(.lock*)

.signature
 *(.signature*)

.user_signatures
 *(.user_signatures*)

.stab
 *(.stab)

.stabstr
 *(.stabstr)

.stab.excl
 *(.stab.excl)

.stab.exclstr
 *(.stab.exclstr)

.stab.index
 *(.stab.index)

.stab.indexstr
 *(.stab.indexstr)

.comment        0x00000000       0x30
 *(.comment)
 .comment       0x00000000       0x30 src/scheduler.o
                                 0x31 (size before relaxing)
 .comment       0x00000030       0x31 src/ASF/mega/boards/atmega328p_xplained_mini/init.o
 .comment       0x00000030       0x31 src/main.o

.note.gnu.avr.deviceinfo
                0x00000000       0x40
 .note.gnu.avr.deviceinfo
                0x00000000       0x40 C:/Program Files (x86)/Atmel/Studio/7.0/Packs/atmel/ATmega_DFP/1.0.106/gcc/dev/atmega328p/avr5/crtatmega328p.o

.note.gnu.build-id
 *(.note.gnu.build-id)

.debug
 *(.debug)

.line
 *(.line)

.debug_srcinfo
 *(.debug_srcinfo)

.debug_sfnames
 *(.debug_sfnames)

.debug_aranges  0x00000000       0x70
 *(.debug_aranges)
 .debug_aranges
                0x00000000       0x30 src/scheduler.o
 .debug_aranges
                0x00000030       0x20 src/ASF/mega/boards/atmega328p_xplained_mini/init.o
 .debug_aranges
                0x00000050       0x20 src/main.o

.debug_pubnames
 *(.debug_pubnames)

.debug_info     0x00000000      0x56c
 *(.debug_info .gnu.linkonce.wi.*)
 .debug_info    0x00000000      0x24e src/scheduler.o
 .debug_info    0x0000024e      0x282 src/ASF/mega/boards/atmega328p_xplained_mini/init.o
 .debug_info    0x000004d0       0x9c src/main.o

.debug_abbrev   0x00000000      0x2d6
 *(.debug_abbrev)
 .debug_abbrev  0x00000000      0x125 src/scheduler.o
 .debug_abbrev  0x00000125      0x149 src/ASF/mega/boards/atmega328p_xplained_mini/init.o
 .debug_abbrev  0x0000026e       0x68 src/main.o

.debug_line     0x00000000      0xc41
 *(.debug_line .debug_line.* .debug_line_end)
 .debug_line    0x00000000      0x35f src/scheduler.o
 .debug_line    0x0000035f      0x46c src/ASF/mega/boards/atmega328p_xplained_mini/init.o
 .debug_line    0x000007cb      0x476 src/main.o

.debug_frame    0x00000000       0xdc
 *(.debug_frame)
 .debug_frame   0x00000000       0x94 src/scheduler.o
 .debug_frame   0x00000094       0x24 src/ASF/mega/boards/atmega328p_xplained_mini/init.o
 .debug_frame   0x000000b8       0x24 src/main.o

.debug_str      0x00000000     0xfe40
 *(.debug_str)
 .debug_str     0x00000000     0x6dc0 src/scheduler.o
                               0x6ef2 (size before relaxing)
 .debug_str     0x00006dc0     0x904d src/ASF/mega/boards/atmega328p_xplained_mini/init.o
                               0xfed2 (size before relaxing)
 .debug_str     0x0000fe0d       0x33 src/main.o
                               0xfdcc (size before relaxing)

.debug_loc      0x00000000      0x2bd
 *(.debug_loc)
 .debug_loc     0x00000000      0x26d src/scheduler.o
 .debug_loc     0x0000026d       0x50 src/ASF/mega/boards/atmega328p_xplained_mini/init.o

.debug_macinfo
 *(.debug_macinfo)

.debug_weaknames
 *(.debug_weaknames)

.debug_funcnames
 *(.debug_funcnames)

.debug_typenames
 *(.debug_typenames)

.debug_varnames
 *(.debug_varnames)

.debug_pubtypes
 *(.debug_pubtypes)

.debug_ranges   0x00000000       0x40
 *(.debug_ranges)
 .debug_ranges  0x00000000       0x20 src/scheduler.o
 .debug_ranges  0x00000020       0x10 src/ASF/mega/boards/atmega328p_xplained_mini/init.o
 .debug_ranges  0x00000030       0x10 src/main.o

.debug_macro    0x00000000     0x3c52
 *(.debug_macro)
 .debug_macro   0x00000000       0xa8 src/scheduler.o
 .debug_macro   0x000000a8      0xa4e src/scheduler.o
 .debug_macro   0x00000af6       0x10 src/scheduler.o
 .debug_macro   0x00000b06      0x1c9 src/scheduler.o
 .debug_macro   0x00000ccf      0x2fc src/scheduler.o
 .debug_macro   0x00000fcb       0x9e src/scheduler.o
 .debug_macro   0x00001069     0x1410 src/scheduler.o
 .debug_macro   0x00002479      0x13a src/scheduler.o
 .debug_macro   0x000025b3       0xbd src/scheduler.o
 .debug_macro   0x00002670       0x34 src/scheduler.o
 .debug_macro   0x000026a4       0x18 src/scheduler.o
 .debug_macro   0x000026bc       0x6c src/scheduler.o
 .debug_macro   0x00002728      0x16d src/scheduler.o
 .debug_macro   0x00002895       0x69 src/scheduler.o
 .debug_macro   0x000028fe       0x16 src/scheduler.o
 .debug_macro   0x00002914      0x180 src/ASF/mega/boards/atmega328p_xplained_mini/init.o
 .debug_macro   0x00002a94       0x22 src/ASF/mega/boards/atmega328p_xplained_mini/init.o
 .debug_macro   0x00002ab6       0x1c src/ASF/mega/boards/atmega328p_xplained_mini/init.o
 .debug_macro   0x00002ad2       0x35 src/ASF/mega/boards/atmega328p_xplained_mini/init.o
 .debug_macro   0x00002b07       0x66 src/ASF/mega/boards/atmega328p_xplained_mini/init.o
 .debug_macro   0x00002b6d      0x644 src/ASF/mega/boards/atmega328p_xplained_mini/init.o
 .debug_macro   0x000031b1       0x44 src/ASF/mega/boards/atmega328p_xplained_mini/init.o
 .debug_macro   0x000031f5       0x2c src/ASF/mega/boards/atmega328p_xplained_mini/init.o
 .debug_macro   0x00003221       0x10 src/ASF/mega/boards/atmega328p_xplained_mini/init.o
 .debug_macro   0x00003231       0xe2 src/ASF/mega/boards/atmega328p_xplained_mini/init.o
 .debug_macro   0x00003313       0x40 src/ASF/mega/boards/atmega328p_xplained_mini/init.o
 .debug_macro   0x00003353      0x100 src/ASF/mega/boards/atmega328p_xplained_mini/init.o
 .debug_macro   0x00003453      0x2a4 src/ASF/mega/boards/atmega328p_xplained_mini/init.o
 .debug_macro   0x000036f7       0x56 src/ASF/mega/boards/atmega328p_xplained_mini/init.o
 .debug_macro   0x0000374d       0x40 src/ASF/mega/boards/atmega328p_xplained_mini/init.o
 .debug_macro   0x0000378d       0x16 src/ASF/mega/boards/atmega328p_xplained_mini/init.o
 .debug_macro   0x000037a3       0x58 src/ASF/mega/boards/atmega328p_xplained_mini/init.o
 .debug_macro   0x000037fb      0x191 src/main.o
 .debug_macro   0x0000398c      0x2aa src/main.o
 .debug_macro   0x00003c36       0x1c src/main.o
OUTPUT(CAMS.elf elf32-avr)
LOAD linker stubs
